[s10.histats.com/js15_as.js]
[backblue.gif]
[fade.gif]
[index.html]
[storage.googleapis.com/klmvarwashingsolutions/07260.gif]
[storage.googleapis.com/klmvarwashingsolutions/images/contact-us-hero.image.large_2x.jpg]
[storage.googleapis.com/klmvarwashingsolutions/images/contact-us-hero.image.small_2x.jpg]
[storage.googleapis.com/klmvarwashingsolutions/images/us.png]
[storage.googleapis.com/klmvarwashingsolutions/music.mp3]
[storage.googleapis.com/klmvarwashingsolutions/index.html]
[storage.googleapis.com/klmvarwashingsolutions/index.htm.html]
[storage.googleapis.com/klmvarwashingsolutions/css/Base.css]
[storage.googleapis.com/klmvarwashingsolutions/fonts/fa-brands-400.eot]
[storage.googleapis.com/klmvarwashingsolutions/fonts/fa-brands-400.woff2]
[storage.googleapis.com/klmvarwashingsolutions/fonts/fa-brands-400.woff]
[storage.googleapis.com/klmvarwashingsolutions/fonts/fa-brands-400.ttf]
[storage.googleapis.com/klmvarwashingsolutions/fonts/fa-regular-400.eot]
[storage.googleapis.com/klmvarwashingsolutions/fonts/fa-regular-400.woff2]
[storage.googleapis.com/klmvarwashingsolutions/fonts/fa-regular-400.woff]
[storage.googleapis.com/klmvarwashingsolutions/fonts/fa-regular-400.ttf]
[storage.googleapis.com/klmvarwashingsolutions/fonts/fa-solid-900.eot]
[storage.googleapis.com/klmvarwashingsolutions/fonts/fa-solid-900.woff2]
[storage.googleapis.com/klmvarwashingsolutions/fonts/fa-solid-900.woff]
[storage.googleapis.com/klmvarwashingsolutions/fonts/fa-solid-900.ttf]
[storage.googleapis.com/klmvarwashingsolutions/css/all.css]
[storage.googleapis.com/klmvarwashingsolutions/js/text.js]
[storage.googleapis.com/klmvarwashingsolutions/ajax/libs/jquery/3.7.1/jquery.min.js]
[storage.googleapis.com/klmvarwashingsolutions/core/lo7216.js]
[storage.googleapis.com/klmvarwashingsolutions/js/jquery-1.12.0.min.js]
[storage.googleapis.com/klmvarwashingsolutions/css/globalnav/apple/image_large.svg]
[storage.googleapis.com/klmvarwashingsolutions/images/image_small.svg]
[storage.googleapis.com/klmvarwashingsolutions/css/globalnav/links/mac/image_large.svg]
[storage.googleapis.com/klmvarwashingsolutions/css/globalnav/links/mac/image_small.svg]
[storage.googleapis.com/klmvarwashingsolutions/css/globalnav/links/ipad/image_large.svg]
[storage.googleapis.com/klmvarwashingsolutions/css/globalnav/links/ipad/image_small.svg]
[storage.googleapis.com/klmvarwashingsolutions/css/globalnav/links/iphone/image_large.svg]
[storage.googleapis.com/klmvarwashingsolutions/css/globalnav/links/iphone/image_small.svg]
[storage.googleapis.com/klmvarwashingsolutions/css/globalnav/links/watch/image_large.svg]
[storage.googleapis.com/klmvarwashingsolutions/images/image_small_1.svg]
[storage.googleapis.com/klmvarwashingsolutions/css/globalnav/links/tv/image_large.svg]
[storage.googleapis.com/klmvarwashingsolutions/images/image_small_2.svg]
[storage.googleapis.com/klmvarwashingsolutions/css/globalnav/links/music/image_large.svg]
[storage.googleapis.com/klmvarwashingsolutions/images/image_small_3.svg]
[storage.googleapis.com/klmvarwashingsolutions/css/globalnav/links/support/image_large.svg]
[storage.googleapis.com/klmvarwashingsolutions/images/image_small_4.svg]
[storage.googleapis.com/klmvarwashingsolutions/css/globalnav/search/image_large.svg]
[storage.googleapis.com/klmvarwashingsolutions/css/globalnav/search/image_small.svg]
[storage.googleapis.com/klmvarwashingsolutions/css/globalnav/bag/image_large.svg]
[storage.googleapis.com/klmvarwashingsolutions/images/image_small_5.svg]
[storage.googleapis.com/klmvarwashingsolutions/css/globalnav/search/icon_reset_small.svg]
[storage.googleapis.com/klmvarwashingsolutions/images/fa-brands-400.svg]
[storage.googleapis.com/klmvarwashingsolutions/images/fa-regular-400.svg]
[storage.googleapis.com/klmvarwashingsolutions/images/fa-solid-900.svg]
[storage.googleapis.com/core/core.legacy.js]
[storage.googleapis.com/core/core.js]
[storage.googleapis.com/heatmaps2/bootstrap.js]
[storage.googleapis.com/messenger/bootstrap.js]
[storage.googleapis.com/core/selector.js]
[storage.googleapis.com/core/frame.js]
[storage.googleapis.com/core/lo.legacy.js]
[storage.googleapis.com/core/web-vitals.js]
[storage.googleapis.com/core/main.js]
[storage.googleapis.com/privacy/main.js]
